// Jest Snapshot v1, https://goo.gl/fbAQLP

exports[`call is performed after dispatching effect with data 1`] = `
Object {
  "muditaNews": Object {
    "commentsCount": Object {
      "1027": "10",
      "299": "10",
      "703": "10",
    },
    "newsIds": Array [
      "299",
      "1027",
      "703",
    ],
    "newsItems": Object {
      "1027": Object {
        "category": "Blog",
        "communityLink": "https://forum.mudita.com/t/attention-the-precious-currency-we-re-giving-away-for-free/1027",
        "content": "Attention: The precious currency weâ€™re giving away for free.",
        "discussionId": "1027",
        "image": Object {
          "sys": Object {
            "id": "7qdkPb6OhjDR3ZRb90bcck",
            "linkType": "Asset",
            "type": "Link",
          },
        },
        "imageAlt": "Attention",
        "imageId": "7qdkPb6OhjDR3ZRb90bcck",
        "imageSource": "//images.ctfassets.net/isxmxtc67n72/7qdkPb6OhjDR3ZRb90bcck/67c404e8e737a86ed743569ebb39f761/attention.jpg",
        "link": "https://mudita.com/community/blog/attention-the-precious-currency-were-giving-away-for-free/",
        "title": "Featured Article",
      },
      "299": Object {
        "category": "Forum",
        "communityLink": "https://forum.mudita.com/t/one-feature-i-would-love-to-see-added/299",
        "content": "One feature I would love to see added",
        "discussionId": "299",
        "image": Object {
          "sys": Object {
            "id": "6j1K3VOLf3aAdijTuObagd",
            "linkType": "Asset",
            "type": "Link",
          },
        },
        "imageAlt": "MuditaOS",
        "imageId": "6j1K3VOLf3aAdijTuObagd",
        "imageSource": "//images.ctfassets.net/isxmxtc67n72/6j1K3VOLf3aAdijTuObagd/5c406b7a69a6806003aff0a4b8cb5493/MuditaOS.jpg",
        "link": "https://forum.mudita.com/t/one-feature-i-would-love-to-see-added/299",
        "title": "Hot discussion",
      },
      "703": Object {
        "category": "Blog",
        "communityLink": "https://forum.mudita.com/t/mudita-pure-kickstarter-campaign-is-live/703",
        "content": "Our campaign on Kickstarter was a success, reaching 262% of the initial goal!",
        "discussionId": "703",
        "image": Object {
          "sys": Object {
            "id": "6mdeQ9Pm5Kgsek3x8Pt7Yh",
            "linkType": "Asset",
            "type": "Link",
          },
        },
        "imageAlt": "The Kickstarter campaign of Mudita Pure was a success",
        "imageId": "6mdeQ9Pm5Kgsek3x8Pt7Yh",
        "imageSource": "//images.ctfassets.net/isxmxtc67n72/6mdeQ9Pm5Kgsek3x8Pt7Yh/2a946227e8a874a8dd047b0497309d4c/final.jpg",
        "link": "https://mudita.com/community/blog/the-kickstarter-campaign-of-mudita-pure-is-finished/",
        "title": "Latest News",
      },
    },
  },
}
`;
