// Jest Snapshot v1, https://goo.gl/fbAQLP

exports[`matches snapshot 1`] = `
.c7 {
  margin: 0;
  font-size: 1.4rem;
  line-height: 1.57;
  -webkit-letter-spacing: 0.04rem;
  -moz-letter-spacing: 0.04rem;
  -ms-letter-spacing: 0.04rem;
  letter-spacing: 0.04rem;
  color: #000000;
}

.c9 {
  margin: 0;
  font-size: 1.4rem;
  line-height: 1.57;
  -webkit-letter-spacing: 0.04rem;
  -moz-letter-spacing: 0.04rem;
  -ms-letter-spacing: 0.04rem;
  letter-spacing: 0.04rem;
  font-weight: 300;
  color: #6a6a6a;
}

.c12 {
  margin: 0;
  font-size: 1.2rem;
  line-height: 1.67;
  font-weight: 400;
  -webkit-letter-spacing: 0.1rem;
  -moz-letter-spacing: 0.1rem;
  -ms-letter-spacing: 0.1rem;
  letter-spacing: 0.1rem;
  text-transform: uppercase;
  color: #000000;
}

.c3 {
  display: -webkit-box;
  display: -webkit-flex;
  display: -ms-flexbox;
  display: flex;
  -webkit-box-pack: center;
  -webkit-justify-content: center;
  -ms-flex-pack: center;
  justify-content: center;
  -webkit-align-items: center;
  -webkit-box-align: center;
  -ms-flex-align: center;
  align-items: center;
  height: 1.6rem;
  width: 1.6rem;
  position: relative;
  font-style: normal;
}

.c3 svg {
  width: 100%;
  height: 100%;
}

.c10 {
  display: -webkit-box;
  display: -webkit-flex;
  display: -ms-flexbox;
  display: flex;
  -webkit-align-items: center;
  -webkit-box-align: center;
  -ms-flex-align: center;
  align-items: center;
  -webkit-box-pack: center;
  -webkit-justify-content: center;
  -ms-flex-pack: center;
  justify-content: center;
  -webkit-appearance: none;
  -moz-appearance: none;
  appearance: none;
  background: none;
  -webkit-transition: background 250ms ease-in-out, color 250ms ease-in-out, border 250ms ease-in-out;
  transition: background 250ms ease-in-out, color 250ms ease-in-out, border 250ms ease-in-out;
  cursor: pointer;
  outline: none;
  box-sizing: border-box;
  width: 17.6rem;
  height: 4rem;
  border-radius: 0.5rem;
  border: 0.1rem solid #000000;
}

.c10 g {
  fill: #000000;
}

.c10:hover {
  background: #f4f5f6;
}

.c13 {
  white-space: nowrap;
}

.c2 {
  display: -webkit-box;
  display: -webkit-flex;
  display: -ms-flexbox;
  display: flex;
  -webkit-flex-direction: row;
  -ms-flex-direction: row;
  flex-direction: row;
  position: relative;
}

.c6 {
  width: -webkit-max-content;
  width: -moz-max-content;
  width: max-content;
  max-width: 24.3rem;
  background-color: #ffffff;
  padding: 1.6rem;
  position: absolute;
  top: 2.7rem;
  left: 0;
  opacity: 0;
  border-radius: 0.5rem;
  -webkit-transition: opacity 0.3s ease-in-out;
  transition: opacity 0.3s ease-in-out;
  box-shadow: 0 1rem 5.5rem -0.5rem rgba(0,0,0,0.08);
}

.c4 {
  z-index: 4;
  cursor: pointer;
}

.c4:hover {
  background-color: #f4f5f6;
  border-radius: 0.2rem;
}

.c4:hover + .c5 {
  visibility: visible;
  opacity: 1;
  z-index: 4;
}

.c8 {
  margin-bottom: 0.8rem;
}

.c0 {
  display: -webkit-box;
  display: -webkit-flex;
  display: -ms-flexbox;
  display: flex;
  -webkit-flex-direction: row;
  -ms-flex-direction: row;
  flex-direction: row;
  position: relative;
}

.c11 {
  --radius: 0.5rem;
  -webkit-flex: 1;
  -ms-flex: 1;
  flex: 1;
  z-index: 1;
  pointer-events: all;
}

.c11:disabled {
  pointer-events: none;
}

.c11:hover {
  z-index: 2;
}

.c11:not(:hover) {
  border: 0.1rem solid #d2d6db;
  color: #6a6a6a;
}

.c11:not(:hover) g {
  fill: #f4f5f6;
}

.c11:not(:first-of-type) {
  border-radius: 0;
  margin-left: -0.1rem;
}

.c11:first-of-type:not(:last-of-type) {
  border-radius: var(--radius) 0 0 var(--radius);
}

.c11:last-of-type:not(:first-of-type) {
  border-radius: 0 var(--radius) var(--radius) 0;
}

.c1 {
  position: absolute;
  top: -0.8rem;
  left: -0.8rem;
  z-index: 4;
}

.c1:hover {
  background-color: inherit;
}

<div>
  <section
    class="c0"
  >
    <div
      class="c1"
    >
      <div
        class="c2"
      >
        <span
          class="c3 c4"
          data-testid="tooltip-icon"
          height="1.6"
          width="1.6"
        >
          <test-file-stub
            image="test-file-stub"
          />
        </span>
        <div
          class="c5 c6"
        >
          <p
            class="c7 c8"
            color="primary"
          >
            [value] module.news
          </p>
          <p
            class="c9"
            color="secondary"
            data-testid="tooltip-description"
          >
            [value] module.news
          </p>
        </div>
      </div>
    </div>
    <button
      class="c10 c11"
      size="2"
      type="button"
    >
      <p
        class="c12 c13"
        color="primary"
      >
        On
      </p>
    </button>
    <button
      class="c10 c11"
      size="2"
      type="button"
    >
      <p
        class="c12 c13"
        color="primary"
      >
        Off
      </p>
    </button>
  </section>
</div>
`;
