// Jest Snapshot v1, https://goo.gl/fbAQLP

exports[`matches snapshot 1`] = `
.c2 {
  margin: 0;
  font-size: 1.6rem;
  line-height: 1.5;
  -webkit-letter-spacing: 0.02rem;
  -moz-letter-spacing: 0.02rem;
  -ms-letter-spacing: 0.02rem;
  letter-spacing: 0.02rem;
  color: #000000;
}

.c11 {
  margin: 0;
  font-size: 1.2rem;
  line-height: 1.67;
  font-weight: 400;
  -webkit-letter-spacing: 0.1rem;
  -moz-letter-spacing: 0.1rem;
  -ms-letter-spacing: 0.1rem;
  letter-spacing: 0.1rem;
  text-transform: uppercase;
  color: #000000;
}

.c21 {
  margin: 0;
  font-size: 1.4rem;
  line-height: 1.57;
  -webkit-letter-spacing: 0.04rem;
  -moz-letter-spacing: 0.04rem;
  -ms-letter-spacing: 0.04rem;
  letter-spacing: 0.04rem;
  font-weight: 300;
  color: #6a6a6a;
}

.c17 {
  display: -webkit-box;
  display: -webkit-flex;
  display: -ms-flexbox;
  display: flex;
  -webkit-box-pack: center;
  -webkit-justify-content: center;
  -ms-flex-pack: center;
  justify-content: center;
  -webkit-align-items: center;
  -webkit-box-align: center;
  -ms-flex-align: center;
  align-items: center;
  height: 2.2rem;
  width: 2.2rem;
  position: relative;
  font-style: normal;
}

.c17 svg {
  width: 100%;
  height: 100%;
}

.c3 {
  grid-area: Name;
  -webkit-align-self: end;
  -ms-flex-item-align: end;
  align-self: end;
}

.c5 {
  grid-area: Actions;
  display: -webkit-box;
  display: -webkit-flex;
  display: -ms-flexbox;
  display: flex;
  -webkit-align-items: center;
  -webkit-box-align: center;
  -ms-flex-align: center;
  align-items: center;
  -webkit-box-pack: center;
  -webkit-justify-content: center;
  -ms-flex-pack: center;
  justify-content: center;
  width: 9rem;
}

.c8 {
  display: -webkit-box;
  display: -webkit-flex;
  display: -ms-flexbox;
  display: flex;
  -webkit-align-items: center;
  -webkit-box-align: center;
  -ms-flex-align: center;
  align-items: center;
  -webkit-box-pack: center;
  -webkit-justify-content: center;
  -ms-flex-pack: center;
  justify-content: center;
  -webkit-appearance: none;
  -moz-appearance: none;
  appearance: none;
  background: none;
  -webkit-transition: background 250ms ease-in-out, color 250ms ease-in-out, border 250ms ease-in-out;
  transition: background 250ms ease-in-out, color 250ms ease-in-out, border 250ms ease-in-out;
  cursor: pointer;
  outline: none;
  box-sizing: border-box;
  width: 17.6rem;
  height: 4rem;
  color: #ffffff;
  border-radius: 0.5rem;
  background: #3b3f42;
  border: 0.1rem solid #3b3f42;
}

.c8:hover {
  background: #232426;
}

.c8 g {
  fill: #ffffff;
}

.c13 {
  display: -webkit-box;
  display: -webkit-flex;
  display: -ms-flexbox;
  display: flex;
  -webkit-align-items: center;
  -webkit-box-align: center;
  -ms-flex-align: center;
  align-items: center;
  -webkit-box-pack: center;
  -webkit-justify-content: center;
  -ms-flex-pack: center;
  justify-content: center;
  -webkit-appearance: none;
  -moz-appearance: none;
  appearance: none;
  background: none;
  -webkit-transition: background 250ms ease-in-out, color 250ms ease-in-out, border 250ms ease-in-out;
  transition: background 250ms ease-in-out, color 250ms ease-in-out, border 250ms ease-in-out;
  cursor: pointer;
  outline: none;
  box-sizing: border-box;
  width: 17.6rem;
  height: 4rem;
  border-radius: 0.5rem;
  border: 0.1rem solid #000000;
}

.c13 g {
  fill: #000000;
}

.c13:hover {
  background: #f4f5f6;
}

.c12 {
  white-space: nowrap;
}

.c15 {
  display: -webkit-box;
  display: -webkit-flex;
  display: -ms-flexbox;
  display: flex;
  -webkit-flex-direction: row;
  -ms-flex-direction: row;
  flex-direction: row;
  position: relative;
}

.c20 {
  width: -webkit-max-content;
  width: -moz-max-content;
  width: max-content;
  max-width: 24.3rem;
  background-color: #ffffff;
  padding: 1.6rem;
  position: absolute;
  top: 2.7rem;
  left: 0;
  opacity: 0;
  border-radius: 0.5rem;
  -webkit-transition: opacity 0.3s ease-in-out;
  transition: opacity 0.3s ease-in-out;
  box-shadow: 0 1rem 5.5rem -0.5rem rgba(0,0,0,0.08);
}

.c18 {
  z-index: 4;
  cursor: pointer;
}

.c18:hover {
  background-color: #f4f5f6;
  border-radius: 0.2rem;
}

.c18:hover + .c19 {
  visibility: visible;
  opacity: 1;
  z-index: 4;
}

.c6 {
  display: -webkit-box;
  display: -webkit-flex;
  display: -ms-flexbox;
  display: flex;
  -webkit-flex-direction: row;
  -ms-flex-direction: row;
  flex-direction: row;
  position: relative;
}

.c9 {
  --radius: 0.5rem;
  -webkit-flex: 1;
  -ms-flex: 1;
  flex: 1;
  z-index: 1;
  pointer-events: all;
  z-index: 3;
}

.c9:disabled {
  pointer-events: none;
}

.c9:hover {
  z-index: 2;
}

.c9:not(:first-of-type) {
  border-radius: 0;
  margin-left: -0.1rem;
}

.c9:first-of-type:not(:last-of-type) {
  border-radius: var(--radius) 0 0 var(--radius);
}

.c9:last-of-type:not(:first-of-type) {
  border-radius: 0 var(--radius) var(--radius) 0;
}

.c14 {
  --radius: 0.5rem;
  -webkit-flex: 1;
  -ms-flex: 1;
  flex: 1;
  z-index: 1;
  pointer-events: all;
}

.c14:disabled {
  pointer-events: none;
}

.c14:hover {
  z-index: 2;
}

.c14:not(:hover) {
  border: 0.1rem solid #d2d6db;
  color: #6a6a6a;
}

.c14:not(:hover) g {
  fill: #f4f5f6;
}

.c14:not(:first-of-type) {
  border-radius: 0;
  margin-left: -0.1rem;
}

.c14:first-of-type:not(:last-of-type) {
  border-radius: var(--radius) 0 0 var(--radius);
}

.c14:last-of-type:not(:first-of-type) {
  border-radius: 0 var(--radius) var(--radius) 0;
}

.c7 {
  margin-right: 3.2rem;
}

.c10 {
  padding: 0 3.6rem;
  width: 8.8rem;
}

.c0 {
  display: grid;
  box-sizing: border-box;
  grid-template-areas: "Checkbox Actions";
  grid-template-columns: 1fr 15rem;
  border-bottom: solid 0.1rem #d2d6db;
  height: 7.2rem;
  max-height: 7.2rem;
}

.c1 {
  grid-area: Checkbox;
  -webkit-align-self: center;
  -ms-flex-item-align: center;
  align-self: center;
  display: -webkit-box;
  display: -webkit-flex;
  display: -ms-flexbox;
  display: flex;
  -webkit-flex-direction: row;
  -ms-flex-direction: row;
  flex-direction: row;
}

.c4 {
  margin-left: 3.2rem;
  margin-bottom: 0;
  -webkit-align-self: center;
  -ms-flex-item-align: center;
  align-self: center;
}

.c16 {
  margin-left: 0.4rem;
}

<div>
  <section
    class=""
    data-testid="settings-wrapper"
  >
    <div
      class="c0"
      data-testid="settings-tablerow"
    >
      <div
        class="c1"
      >
        <p
          class="c2 c3 c4"
          color="primary"
        >
          [value] module.settings.tetheringLabel
        </p>
      </div>
      <div
        class="c5"
      >
        <section
          class="c6 c7"
        >
          <button
            class="c8 c9 c10"
            data-testid="toggler-active"
            size="2"
            type="button"
          >
            <p
              class="c11 c12"
              color="primary"
            >
              [value] module.settings.offLabel
            </p>
          </button>
          <button
            class="c13 c14 c10"
            data-testid="toggler-inactive"
            size="2"
            type="button"
          >
            <p
              class="c11 c12"
              color="primary"
            >
              [value] module.settings.onLabel
            </p>
          </button>
        </section>
      </div>
    </div>
    <div
      class="c0"
      data-testid="settings-tablerow"
    >
      <div
        class="c1"
      >
        <p
          class="c2 c3 c4"
          color="primary"
        >
          [value] module.settings.collectingData
        </p>
        <div
          class="c15 c16"
        >
          <span
            class="c17 c18"
            data-testid="tooltip-icon"
            height="2.2"
            width="2.2"
          >
            <test-file-stub
              image="test-file-stub"
            />
          </span>
          <div
            class="c19 c20"
          >
            <p
              class="c21"
              color="secondary"
              data-testid="tooltip-description"
            >
              [value] module.settings.collectingDataTooltip
            </p>
          </div>
        </div>
      </div>
      <div
        class="c5"
      >
        <section
          class="c6 c7"
        >
          <button
            class="c8 c9 c10"
            data-testid="toggler-active"
            size="2"
            type="button"
          >
            <p
              class="c11 c12"
              color="primary"
            >
              [value] module.settings.offLabel
            </p>
          </button>
          <button
            class="c13 c14 c10"
            data-testid="toggler-inactive"
            size="2"
            type="button"
          >
            <p
              class="c11 c12"
              color="primary"
            >
              [value] module.settings.onLabel
            </p>
          </button>
        </section>
      </div>
    </div>
  </section>
</div>
`;
