// Jest Snapshot v1, https://goo.gl/fbAQLP

exports[`matches snapshot without tabs 1`] = `
.c1 {
  margin: 0;
  font-size: 1.8rem;
  line-height: 1.1;
  font-weight: 700;
}

.c0 {
  display: grid;
  grid-template-columns: 1fr 1fr 1fr;
  background-color: #ffffff;
  border-bottom: 0.1rem solid #e6e8eb;
}

.c2 {
  margin: 2.4rem 0 1.5rem 4rem;
}

.c3 {
  display: -webkit-box;
  display: -webkit-flex;
  display: -ms-flexbox;
  display: flex;
}

<div
  class="c0"
>
  <h3
    class="c1 c2"
    data-testid="location"
  >
    [value] module.overview
  </h3>
  <div
    class="c3"
  />
</div>
`;
