// Jest Snapshot v1, https://goo.gl/fbAQLP

exports[`matches snapshot 1`] = `
<span
  class="sc-AxjAm eFzjyW"
  data-testid="loader-spinner"
  size="4"
>
  <span
    class="sc-AxirZ cfJumS"
    data-testid="dot"
  />
  <span
    class="sc-AxirZ cfJumS"
    data-testid="dot"
  />
  <span
    class="sc-AxirZ cfJumS"
    data-testid="dot"
  />
  <span
    class="sc-AxirZ cfJumS"
    data-testid="dot"
  />
  <span
    class="sc-AxirZ cfJumS"
    data-testid="dot"
  />
  <span
    class="sc-AxirZ cfJumS"
    data-testid="dot"
  />
</span>
`;
