// Jest Snapshot v1, https://goo.gl/fbAQLP

exports[`files page should match snapshot 1`] = `
<div
  className=""
>
  <Connect(Files) />
</div>
`;
