// Jest Snapshot v1, https://goo.gl/fbAQLP

exports[`matches snapshot 1`] = `
<div>
  <label
    class="sc-AykKD KbFQT"
  >
    <div
      class="sc-AykKE fkUMXh"
    >
      <input
        class="sc-AykKF elDaaB"
        id="id2"
        name="Example1"
        type="checkbox"
        value="value2"
      />
      <test-file-stub
        classname="sc-AykKG kXMpST"
        data-testid="state-checked"
      />
    </div>
    <span
      class="sc-AykKC eyKqQd sc-AykKH cSAPWM"
    >
      label
    </span>
  </label>
</div>
`;
