// Jest Snapshot v1, https://goo.gl/fbAQLP

exports[`matches snapshot 1`] = `
<li
  class="sc-bwzfXH jwizXB"
>
  <test-file-stub
    classname="sc-htpNat FWvXQ"
  />
  <p
    class="sc-bdVaJa Wzjkf"
  >
    Export
  </p>
</li>
`;
