// Jest Snapshot v1, https://goo.gl/fbAQLP

exports[`should match snapshot 1`] = `
.c5 {
  margin: 0;
  font-size: 1.6rem;
  line-height: 1.05;
}

.c6 {
  margin: 0;
  font-size: 1.2rem;
  line-height: 1.2;
  color: #6a6a6a;
  -webkit-letter-spacing: 0.04rem;
  -moz-letter-spacing: 0.04rem;
  -ms-letter-spacing: 0.04rem;
  letter-spacing: 0.04rem;
}

.c2 {
  display: -webkit-box;
  display: -webkit-flex;
  display: -ms-flexbox;
  display: flex;
  -webkit-box-pack: center;
  -webkit-justify-content: center;
  -ms-flex-pack: center;
  justify-content: center;
  -webkit-align-items: center;
  -webkit-box-align: center;
  -ms-flex-align: center;
  align-items: center;
  height: 3.2rem;
  width: 3.2rem;
  position: relative;
  font-style: normal;
}

.c2 svg {
  width: 100%;
  height: 100%;
}

.c8 {
  display: -webkit-box;
  display: -webkit-flex;
  display: -ms-flexbox;
  display: flex;
  -webkit-box-pack: center;
  -webkit-justify-content: center;
  -ms-flex-pack: center;
  justify-content: center;
  -webkit-align-items: center;
  -webkit-box-align: center;
  -ms-flex-align: center;
  align-items: center;
  height: 2rem;
  width: 2rem;
  position: relative;
  font-style: normal;
}

.c8 svg {
  width: 100%;
  height: 100%;
}

.c1 {
  display: -webkit-box;
  display: -webkit-flex;
  display: -ms-flexbox;
  display: flex;
  -webkit-align-items: center;
  -webkit-box-align: center;
  -ms-flex-align: center;
  align-items: center;
  background-color: #ffffff;
  border-left: 0.3rem solid #6D9BBC;
}

.c9 {
  display: -webkit-box;
  display: -webkit-flex;
  display: -ms-flexbox;
  display: flex;
  -webkit-align-items: center;
  -webkit-box-align: center;
  -ms-flex-align: center;
  align-items: center;
  background-color: #ffffff;
  border-left: 0.3rem solid #AEBEC9;
}

.c10 {
  display: -webkit-box;
  display: -webkit-flex;
  display: -ms-flexbox;
  display: flex;
  -webkit-align-items: center;
  -webkit-box-align: center;
  -ms-flex-align: center;
  align-items: center;
  background-color: #ffffff;
  border-left: 0.3rem solid #E3F3FF;
}

.c11 {
  display: -webkit-box;
  display: -webkit-flex;
  display: -ms-flexbox;
  display: flex;
  -webkit-align-items: center;
  -webkit-box-align: center;
  -ms-flex-align: center;
  align-items: center;
  background-color: #ffffff;
  border-left: 0.3rem solid #E9E9E9;
}

.c7 {
  padding: 2.4rem 1.25rem;
  border-left: 0.1rem solid #d2d6db;
}

.c7:hover .arrow {
  fill: #000000;
}

.c3 {
  margin: 1.9rem 2.4rem;
}

.c4 {
  margin-right: 3.2rem;
}

.c0 {
  display: -webkit-box;
  display: -webkit-flex;
  display: -ms-flexbox;
  display: flex;
  -webkit-box-pack: justify;
  -webkit-justify-content: space-between;
  -ms-flex-pack: justify;
  justify-content: space-between;
  margin-top: 2.4rem;
}

<div
  class="c0"
>
  <div
    class="c1"
    data-testid="files-manager-item"
  >
    <span
      class="c2 c3"
      data-testid="icon-MenuMusic"
      height="3.2"
      width="3.2"
    >
      <test-file-stub
        image="test-file-stub"
      />
    </span>
    <div
      class="c4"
    >
      <p
        class="c5"
      >
        Music
      </p>
      <p
        class="c6"
      >
        15 files (4.0 GB)
      </p>
    </div>
    <a
      class="c7"
      href="#/music"
    >
      <span
        class="c8"
        data-testid="icon-Arrow"
      >
        <test-file-stub
          image="test-file-stub"
        />
      </span>
    </a>
  </div>
  <div
    class="c9"
    data-testid="files-manager-item"
  >
    <span
      class="c2 c3"
      data-testid="icon-VoiceRecorder"
      height="3.2"
      width="3.2"
    >
      <test-file-stub
        image="test-file-stub"
      />
    </span>
    <div
      class="c4"
    >
      <p
        class="c5"
      >
        Voice Recorder
      </p>
      <p
        class="c6"
      >
        3 files (4.0 GB)
      </p>
    </div>
    <a
      class="c7"
      href="#/tools/voice-recorder"
    >
      <span
        class="c8"
        data-testid="icon-Arrow"
      >
        <test-file-stub
          image="test-file-stub"
        />
      </span>
    </a>
  </div>
  <div
    class="c10"
    data-testid="files-manager-item"
  >
    <span
      class="c2 c3"
      data-testid="icon-FilesManager"
      height="3.2"
      width="3.2"
    >
      <test-file-stub
        image="test-file-stub"
      />
    </span>
    <div
      class="c4"
    >
      <p
        class="c5"
      >
        Storage
      </p>
      <p
        class="c6"
      >
        85 files (4.0 GB)
      </p>
    </div>
  </div>
  <div
    class="c11"
    data-testid="files-manager-item"
  >
    <span
      class="c2 c3"
      data-testid="icon-MuditaLogo"
      height="3.2"
      width="3.2"
    >
      <test-file-stub
        image="test-file-stub"
      />
    </span>
    <div
      class="c4"
    >
      <p
        class="c5"
      >
        Free
      </p>
      <p
        class="c6"
      >
        4.0 GB
      </p>
    </div>
  </div>
</div>
`;
